Y|Y|${HOME}|.zshrc .p10k.zsh|zsh oh-my-zsh-git zsh-theme-powerlevel10k pokemon-colorscripts-git
N|Y|${HOME}/.config/Code/User|settings.json|visual-studio-code-bin
N|Y|${HOME}/.config/Code - OSS/User|settings.json|code
N|Y|${HOME}/.config|code-flags.conf|visual-studio-code-bin
N|Y|${HOME}/.config|code-flags.conf|code
Y|Y|${HOME}/.config|spotify-flags.conf|spotify
Y|Y|${HOME}/.config|spotify|spotify
Y|Y|${HOME}/.config|spicetify|spicetify-cli
Y|Y|${HOME}/.config|spotify-tui|spotify-tui
Y|Y|${HOME}/.config|synth-shell|alacritty
Y|Y|${HOME}/.config|ags|aylurs-gtk-shell
Y|Y|${HOME}/.config/|hypr|hyprland
Y|Y|${HOME}/.local/share|bin|hyprland
Y|Y|${HOME}/.config|alacritty|alacritty
Y|Y|${HOME}/.config|nvim|neovim
Y|Y|${HOME}/.config|swww|swww
Y|Y|${HOME}/.config|Kvantum|kvantum
Y|Y|${HOME}/.config|lsd|lsd
Y|Y|${HOME}/.config|MangoHud|mangohud
Y|Y|${HOME}/.config|fastfetch|fastfetch
Y|Y|${HOME}/.config|qt5ct|qt5ct
Y|Y|${HOME}/.config|qt6ct|qt6ct
Y|Y|${HOME}/.config|rofi|rofi
Y|Y|${HOME}/.config|waybar|waybar
Y|Y|${HOME}/.config|xsettingsd nwg-look gtk-3.0|nwg-look
Y|Y|${HOME}/.icons|default|nwg-look
Y|Y|${HOME}|.gtkrc-2.0|nwg-look
N|Y|${HOME}/.config|libinput-gestures.conf|libinput-gestures