Y|${HOME}|.zshrc .p10k.zsh|zsh oh-my-zsh-git zsh-theme-powerlevel10k pokemon-colorscripts-git
N|${HOME}/.config/Code/User|settings.json|visual-studio-code-bin
N|${HOME}/.config/Code - OSS/User|settings.json|code
N|${HOME}/.config|code-flags.conf|visual-studio-code-bin
N|${HOME}/.config|code-flags.conf|code
Y|${HOME}/.config|spicetify|spicetify-cli
Y|${HOME}/.config|synth-shell|alacritty
Y|${HOME}/.config|ags|aylurs-gtk-shell
Y|${HOME}/.config/|hypr|hyprland
Y|${HOME}/.local/share|bin|hyprland
Y|${HOME}/.config|alacritty|alacritty
Y|${HOME}/.config|nvim|neovim
Y|${HOME}/.config|Kvantum|kvantum
Y|${HOME}/.config|lsd|lsd
Y|${HOME}/.config|MangoHud|mangohud
Y|${HOME}/.config|fastfetch|fastfetch
Y|${HOME}/.config|qt5ct|qt5ct
Y|${HOME}/.config|qt6ct|qt6ct
Y|${HOME}/.config|xsettingsd nwg-look gtk-3.0|nwg-look
Y|${HOME}/.icons|default|nwg-look
Y|${HOME}|.gtkrc-2.0|nwg-look
Y|${HOME}|.config|swww|material-colors
Y|${HOME}|.config|swww|swww
N|${HOME}/.config|libinput-gestures.conf|libinput-gestures
